Stm32_F103C6_EXTI_Driver.c:47:6:MCAL_EXTI_GPIO_Init	16	static
Stm32_F103C6_EXTI_Driver.c:58:6:MCAL_EXTI_GPIO_DeInit	4	static
Stm32_F103C6_EXTI_Driver.c:85:6:MCAL_EXTI_GPIO_Update	16	static
Stm32_F103C6_EXTI_Driver.c:90:13:Update_EXTI	24	static
Stm32_F103C6_EXTI_Driver.c:171:6:EXTI0_IRQHandler	8	static
Stm32_F103C6_EXTI_Driver.c:182:6:EXTI1_IRQHandler	8	static
Stm32_F103C6_EXTI_Driver.c:193:6:EXTI2_IRQHandler	8	static
Stm32_F103C6_EXTI_Driver.c:204:6:EXTI3_IRQHandler	8	static
Stm32_F103C6_EXTI_Driver.c:215:6:EXTI4_IRQHandler	8	static
Stm32_F103C6_EXTI_Driver.c:226:6:EXTI9_5_IRQHandler	8	static
Stm32_F103C6_EXTI_Driver.c:236:6:EXTI15_10_IRQHandler	8	static
Stm32_F103C6_EXTI_Driver.c:246:13:Enable_NVIC	16	static
Stm32_F103C6_EXTI_Driver.c:269:13:Disable_NVIC	16	static
