Archive member included to satisfy reference by file (symbol)

c:/st/stm32cubeide_1.4.0/stm32cubeide/plugins/com.st.stm32cube.ide.mcu.externaltools.gnu-tools-for-stm32.7-2018-q2-update.win32_1.4.0.202007081208/tools/bin/../lib/gcc/arm-none-eabi/7.3.1/../../../../arm-none-eabi/lib/thumb/v7-m\libc_nano.a(lib_a-errno.o)
                              Src/syscalls.o (__errno)
c:/st/stm32cubeide_1.4.0/stm32cubeide/plugins/com.st.stm32cube.ide.mcu.externaltools.gnu-tools-for-stm32.7-2018-q2-update.win32_1.4.0.202007081208/tools/bin/../lib/gcc/arm-none-eabi/7.3.1/../../../../arm-none-eabi/lib/thumb/v7-m\libc_nano.a(lib_a-exit.o)
                              c:/st/stm32cubeide_1.4.0/stm32cubeide/plugins/com.st.stm32cube.ide.mcu.externaltools.gnu-tools-for-stm32.7-2018-q2-update.win32_1.4.0.202007081208/tools/bin/../lib/gcc/arm-none-eabi/7.3.1/../../../../arm-none-eabi/lib/thumb/v7-m/crt0.o (exit)
c:/st/stm32cubeide_1.4.0/stm32cubeide/plugins/com.st.stm32cube.ide.mcu.externaltools.gnu-tools-for-stm32.7-2018-q2-update.win32_1.4.0.202007081208/tools/bin/../lib/gcc/arm-none-eabi/7.3.1/../../../../arm-none-eabi/lib/thumb/v7-m\libc_nano.a(lib_a-impure.o)
                              c:/st/stm32cubeide_1.4.0/stm32cubeide/plugins/com.st.stm32cube.ide.mcu.externaltools.gnu-tools-for-stm32.7-2018-q2-update.win32_1.4.0.202007081208/tools/bin/../lib/gcc/arm-none-eabi/7.3.1/../../../../arm-none-eabi/lib/thumb/v7-m\libc_nano.a(lib_a-exit.o) (_global_impure_ptr)
c:/st/stm32cubeide_1.4.0/stm32cubeide/plugins/com.st.stm32cube.ide.mcu.externaltools.gnu-tools-for-stm32.7-2018-q2-update.win32_1.4.0.202007081208/tools/bin/../lib/gcc/arm-none-eabi/7.3.1/../../../../arm-none-eabi/lib/thumb/v7-m\libc_nano.a(lib_a-init.o)
                              c:/st/stm32cubeide_1.4.0/stm32cubeide/plugins/com.st.stm32cube.ide.mcu.externaltools.gnu-tools-for-stm32.7-2018-q2-update.win32_1.4.0.202007081208/tools/bin/../lib/gcc/arm-none-eabi/7.3.1/../../../../arm-none-eabi/lib/thumb/v7-m/crt0.o (__libc_init_array)
c:/st/stm32cubeide_1.4.0/stm32cubeide/plugins/com.st.stm32cube.ide.mcu.externaltools.gnu-tools-for-stm32.7-2018-q2-update.win32_1.4.0.202007081208/tools/bin/../lib/gcc/arm-none-eabi/7.3.1/../../../../arm-none-eabi/lib/thumb/v7-m\libc_nano.a(lib_a-memset.o)
                              c:/st/stm32cubeide_1.4.0/stm32cubeide/plugins/com.st.stm32cube.ide.mcu.externaltools.gnu-tools-for-stm32.7-2018-q2-update.win32_1.4.0.202007081208/tools/bin/../lib/gcc/arm-none-eabi/7.3.1/../../../../arm-none-eabi/lib/thumb/v7-m/crt0.o (memset)

Allocating common symbols
Common symbol       size              file

PinConfig           0x4               HAL/includes/LCD.o
ch                  0x2               Src/main.o
GP_IRQ_CallBack     0x3c              Stm32_F103C6_Drivers/include/Stm32_F103C6_EXTI_Driver.o

Discarded input sections

 .text          0x0000000000000000        0x0 c:/st/stm32cubeide_1.4.0/stm32cubeide/plugins/com.st.stm32cube.ide.mcu.externaltools.gnu-tools-for-stm32.7-2018-q2-update.win32_1.4.0.202007081208/tools/bin/../lib/gcc/arm-none-eabi/7.3.1/thumb/v7-m/crti.o
 .data          0x0000000000000000        0x0 c:/st/stm32cubeide_1.4.0/stm32cubeide/plugins/com.st.stm32cube.ide.mcu.externaltools.gnu-tools-for-stm32.7-2018-q2-update.win32_1.4.0.202007081208/tools/bin/../lib/gcc/arm-none-eabi/7.3.1/thumb/v7-m/crti.o
 .bss           0x0000000000000000        0x0 c:/st/stm32cubeide_1.4.0/stm32cubeide/plugins/com.st.stm32cube.ide.mcu.externaltools.gnu-tools-for-stm32.7-2018-q2-update.win32_1.4.0.202007081208/tools/bin/../lib/gcc/arm-none-eabi/7.3.1/thumb/v7-m/crti.o
 .data          0x0000000000000000        0x4 c:/st/stm32cubeide_1.4.0/stm32cubeide/plugins/com.st.stm32cube.ide.mcu.externaltools.gnu-tools-for-stm32.7-2018-q2-update.win32_1.4.0.202007081208/tools/bin/../lib/gcc/arm-none-eabi/7.3.1/thumb/v7-m/crtbegin.o
 .text          0x0000000000000000       0x74 c:/st/stm32cubeide_1.4.0/stm32cubeide/plugins/com.st.stm32cube.ide.mcu.externaltools.gnu-tools-for-stm32.7-2018-q2-update.win32_1.4.0.202007081208/tools/bin/../lib/gcc/arm-none-eabi/7.3.1/../../../../arm-none-eabi/lib/thumb/v7-m/crt0.o
 .data          0x0000000000000000        0x0 c:/st/stm32cubeide_1.4.0/stm32cubeide/plugins/com.st.stm32cube.ide.mcu.externaltools.gnu-tools-for-stm32.7-2018-q2-update.win32_1.4.0.202007081208/tools/bin/../lib/gcc/arm-none-eabi/7.3.1/../../../../arm-none-eabi/lib/thumb/v7-m/crt0.o
 .bss           0x0000000000000000        0x0 c:/st/stm32cubeide_1.4.0/stm32cubeide/plugins/com.st.stm32cube.ide.mcu.externaltools.gnu-tools-for-stm32.7-2018-q2-update.win32_1.4.0.202007081208/tools/bin/../lib/gcc/arm-none-eabi/7.3.1/../../../../arm-none-eabi/lib/thumb/v7-m/crt0.o
 .ARM.extab     0x0000000000000000        0x0 c:/st/stm32cubeide_1.4.0/stm32cubeide/plugins/com.st.stm32cube.ide.mcu.externaltools.gnu-tools-for-stm32.7-2018-q2-update.win32_1.4.0.202007081208/tools/bin/../lib/gcc/arm-none-eabi/7.3.1/../../../../arm-none-eabi/lib/thumb/v7-m/crt0.o
[...]
Memory Configuration

Name             Origin             Length             Attributes
RAM              0x0000000020000000 0x0000000000002800 xrw
ROM              0x0000000008000000 0x0000000000008000 xr
*default*        0x0000000000000000 0xffffffffffffffff

Linker script and memory map

LOAD c:/st/stm32cubeide_1.4.0/stm32cubeide/plugins/com.st.stm32cube.ide.mcu.externaltools.gnu-tools-for-stm32.7-2018-q2-update.win32_1.4.0.202007081208/tools/bin/../lib/gcc/arm-none-eabi/7.3.1/thumb/v7-m/crti.o
LOAD c:/st/stm32cubeide_1.4.0/stm32cubeide/plugins/com.st.stm32cube.ide.mcu.externaltools.gnu-tools-for-stm32.7-2018-q2-update.win32_1.4.0.202007081208/tools/bin/../lib/gcc/arm-none-eabi/7.3.1/thumb/v7-m/crtbegin.o
LOAD c:/st/stm32cubeide_1.4.0/stm32cubeide/plugins/com.st.stm32cube.ide.mcu.externaltools.gnu-tools-for-stm32.7-2018-q2-update.win32_1.4.0.202007081208/tools/bin/../lib/gcc/arm-none-eabi/7.3.1/../../../../arm-none-eabi/lib/thumb/v7-m/crt0.o
LOAD HAL/includes/Keypad.o
LOAD HAL/includes/LCD.o
LOAD Src/main.o
LOAD Src/syscalls.o
LOAD Src/sysmem.o
LOAD Startup/startup_stm32f103c6tx.o
LOAD Stm32_F103C6_Drivers/Stm32_F103C6_GPIO_Driver.o
LOAD Stm32_F103C6_Drivers/include/Stm32_F103C6_EXTI_Driver.o
LOAD Stm32_F103C6_Drivers/include/Stm32_F103C6_RCC_Driver.o
LOAD Stm32_F103C6_Drivers/include/Stm32_F103C6_USART_Driver.o
START GROUP
LOAD c:/st/stm32cubeide_1.4.0/stm32cubeide/plugins/com.st.stm32cube.ide.mcu.externaltools.gnu-tools-for-stm32.7-2018-q2-update.win32_1.4.0.202007081208/tools/bin/../lib/gcc/arm-none-eabi/7.3.1/../../../../arm-none-eabi/lib/thumb/v7-m\libc_nano.a
LOAD c:/st/stm32cubeide_1.4.0/stm32cubeide/plugins/com.st.stm32cube.ide.mcu.externaltools.gnu-tools-for-stm32.7-2018-q2-update.win32_1.4.0.202007081208/tools/bin/../lib/gcc/arm-none-eabi/7.3.1/../../../../arm-none-eabi/lib/thumb/v7-m\libm.a
END GROUP
START GROUP
LOAD c:/st/stm32cubeide_1.4.0/stm32cubeide/plugins/com.st.stm32cube.ide.mcu.externaltools.gnu-tools-for-stm32.7-2018-q2-update.win32_1.4.0.202007081208/tools/bin/../lib/gcc/arm-none-eabi/7.3.1/thumb/v7-m\libgcc.a
LOAD c:/st/stm32cubeide_1.4.0/stm32cubeide/plugins/com.st.stm32cube.ide.mcu.externaltools.gnu-tools-for-stm32.7-2018-q2-update.win32_1.4.0.202007081208/tools/bin/../lib/gcc/arm-none-eabi/7.3.1/../../../../arm-none-eabi/lib/thumb/v7-m\libg_nano.a
LOAD c:/st/stm32cubeide_1.4.0/stm32cubeide/plugins/com.st.stm32cube.ide.mcu.externaltools.gnu-tools-for-stm32.7-2018-q2-update.win32_1.4.0.202007081208/tools/bin/../lib/gcc/arm-none-eabi/7.3.1/../../../../arm-none-eabi/lib/thumb/v7-m\libc_nano.a
END GROUP
START GROUP
LOAD c:/st/stm32cubeide_1.4.0/stm32cubeide/plugins/com.st.stm32cube.ide.mcu.externaltools.gnu-tools-for-stm32.7-2018-q2-update.win32_1.4.0.202007081208/tools/bin/../lib/gcc/arm-none-eabi/7.3.1/thumb/v7-m\libgcc.a
LOAD c:/st/stm32cubeide_1.4.0/stm32cubeide/plugins/com.st.stm32cube.ide.mcu.externaltools.gnu-tools-for-stm32.7-2018-q2-update.win32_1.4.0.202007081208/tools/bin/../lib/gcc/arm-none-eabi/7.3.1/../../../../arm-none-eabi/lib/thumb/v7-m\libc_nano.a
LOAD c:/st/stm32cubeide_1.4.0/stm32cubeide/plugins/com.st.stm32cube.ide.mcu.externaltools.gnu-tools-for-stm32.7-2018-q2-update.win32_1.4.0.202007081208/tools/bin/../lib/gcc/arm-none-eabi/7.3.1/../../../../arm-none-eabi/lib/thumb/v7-m\libnosys.a
END GROUP
START GROUP
LOAD c:/st/stm32cubeide_1.4.0/stm32cubeide/plugins/com.st.stm32cube.ide.mcu.externaltools.gnu-tools-for-stm32.7-2018-q2-update.win32_1.4.0.202007081208/tools/bin/../lib/gcc/arm-none-eabi/7.3.1/thumb/v7-m\libgcc.a
LOAD c:/st/stm32cubeide_1.4.0/stm32cubeide/plugins/com.st.stm32cube.ide.mcu.externaltools.gnu-tools-for-stm32.7-2018-q2-update.win32_1.4.0.202007081208/tools/bin/../lib/gcc/arm-none-eabi/7.3.1/../../../../arm-none-eabi/lib/thumb/v7-m\libc_nano.a
LOAD c:/st/stm32cubeide_1.4.0/stm32cubeide/plugins/com.st.stm32cube.ide.mcu.externaltools.gnu-tools-for-stm32.7-2018-q2-update.win32_1.4.0.202007081208/tools/bin/../lib/gcc/arm-none-eabi/7.3.1/../../../../arm-none-eabi/lib/thumb/v7-m\libnosys.a
END GROUP
LOAD c:/st/stm32cubeide_1.4.0/stm32cubeide/plugins/com.st.stm32cube.ide.mcu.externaltools.gnu-tools-for-stm32.7-2018-q2-update.win32_1.4.0.202007081208/tools/bin/../lib/gcc/arm-none-eabi/7.3.1/thumb/v7-m/crtend.o
LOAD c:/st/stm32cubeide_1.4.0/stm32cubeide/plugins/com.st.stm32cube.ide.mcu.externaltools.gnu-tools-for-stm32.7-2018-q2-update.win32_1.4.0.202007081208/tools/bin/../lib/gcc/arm-none-eabi/7.3.1/thumb/v7-m/crtn.o
                0x0000000020002800                _estack = (ORIGIN (RAM) + LENGTH (RAM))
                0x0000000000000200                _Min_Heap_Size = 0x200
                0x0000000000000400                _Min_Stack_Size = 0x400

.isr_vector     0x0000000008000000      0x130
                0x0000000008000000                . = ALIGN (0x4)
 *(.isr_vector)
 .isr_vector    0x0000000008000000      0x130 Startup/startup_stm32f103c6tx.o
                0x0000000008000000                g_pfnVectors
                0x0000000008000130                . = ALIGN (0x4)

.text           0x0000000008000130      0x93c
                0x0000000008000130                . = ALIGN (0x4)
 *(.text)
 .text          0x0000000008000130       0x40 c:/st/stm32cubeide_1.4.0/stm32cubeide/plugins/com.st.stm32cube.ide.mcu.externaltools.gnu-tools-for-stm32.7-2018-q2-update.win32_1.4.0.202007081208/tools/bin/../lib/gcc/arm-none-eabi/7.3.1/thumb/v7-m/crtbegin.o
 *(.text*)
 .text.UART_IRQ_Callback
                0x0000000008000170       0x24 Src/main.o
                0x0000000008000170                UART_IRQ_Callback
 .text.main     0x0000000008000194       0x6c Src/main.o
                0x0000000008000194                main
 .text.Reset_Handler
                0x0000000008000200       0x50 Startup/startup_stm32f103c6tx.o
                0x0000000008000200                Reset_Handler
 .text.Default_Handler
                0x0000000008000250        0x2 Startup/startup_stm32f103c6tx.o
                0x0000000008000250                TIM8_TRG_COM_IRQHandler
                0x0000000008000250                TIM8_CC_IRQHandler
                0x0000000008000250                DebugMon_Handler
                0x0000000008000250                TIM1_CC_IRQHandler
                0x0000000008000250                HardFault_Handler
                0x0000000008000250                TIM6_IRQHandler
                0x0000000008000250                SysTick_Handler
                0x0000000008000250                PVD_IRQHandler
                0x0000000008000250                SDIO_IRQHandler
                0x0000000008000250                PendSV_Handler
                0x0000000008000250                NMI_Handler
                0x0000000008000250                USB_HP_CAN_TX_IRQHandler
                0x0000000008000250                I2C2_EV_IRQHandler
                0x0000000008000250                UsageFault_Handler
                0x0000000008000250                ADC1_2_IRQHandler
                0x0000000008000250                SPI1_IRQHandler
                0x0000000008000250                CAN_SCE_IRQHandler
                0x0000000008000250                TAMPER_IRQHandler
                0x0000000008000250                TIM8_UP_IRQHandler
                0x0000000008000250                DMA2_Channel2_IRQHandler
                0x0000000008000250                DMA1_Channel4_IRQHandler
                0x0000000008000250                RTC_IRQHandler
                0x0000000008000250                DMA1_Channel7_IRQHandler
                0x0000000008000250                UART5_IRQHandler
                0x0000000008000250                ADC3_IRQHandler
                0x0000000008000250                TIM4_IRQHandler
                0x0000000008000250                CAN_RX1_IRQHandler
                0x0000000008000250                DMA2_Channel1_IRQHandler
                0x0000000008000250                I2C1_EV_IRQHandler
                0x0000000008000250                DMA1_Channel6_IRQHandler
                0x0000000008000250                UART4_IRQHandler
                0x0000000008000250                TIM3_IRQHandler
                0x0000000008000250                RCC_IRQHandler
                0x0000000008000250                TIM1_TRG_COM_IRQHandler
                0x0000000008000250                DMA1_Channel1_IRQHandler
                0x0000000008000250                Default_Handler
                0x0000000008000250                TIM7_IRQHandler
                0x0000000008000250                TIM5_IRQHandler
                0x0000000008000250                SPI2_IRQHandler
                0x0000000008000250                USB_LP_CAN_RX0_IRQHandler
                0x0000000008000250                MemManage_Handler
                0x0000000008000250                SVC_Handler
                0x0000000008000250                DMA1_Channel5_IRQHandler
                0x0000000008000250                DMA1_Channel3_IRQHandler
                0x0000000008000250                FSMC_IRQHandler
                0x0000000008000250                TIM1_UP_IRQHandler
                0x0000000008000250                WWDG_IRQHandler
                0x0000000008000250                TIM2_IRQHandler
                0x0000000008000250                TIM1_BRK_IRQHandler
                0x0000000008000250                RTCAlarm_IRQHandler
                0x0000000008000250                DMA2_Channel4_5_IRQHandler
                0x0000000008000250                I2C2_ER_IRQHandler
                0x0000000008000250                DMA1_Channel2_IRQHandler
                0x0000000008000250                TIM8_BRK_IRQHandler
                0x0000000008000250                FLASH_IRQHandler
                0x0000000008000250                BusFault_Handler
                0x0000000008000250                SPI3_IRQHandler
                0x0000000008000250                I2C1_ER_IRQHandler
                0x0000000008000250                DMA2_Channel3_IRQHandler
 .text.Get_CRLH_Position
                0x0000000008000252       0xc6 Stm32_F103C6_Drivers/Stm32_F103C6_GPIO_Driver.o
 .text.MCAL_GPIO_Init
                0x0000000008000318       0xfe Stm32_F103C6_Drivers/Stm32_F103C6_GPIO_Driver.o
                0x0000000008000318                MCAL_GPIO_Init
 *fill*         0x0000000008000416        0x2 
 .text.EXTI0_IRQHandler
                0x0000000008000418       0x24 Stm32_F103C6_Drivers/include/Stm32_F103C6_EXTI_Driver.o
                0x0000000008000418                EXTI0_IRQHandler
 .text.EXTI1_IRQHandler
                0x000000000800043c       0x24 Stm32_F103C6_Drivers/include/Stm32_F103C6_EXTI_Driver.o
                0x000000000800043c                EXTI1_IRQHandler
 .text.EXTI2_IRQHandler
                0x0000000008000460       0x24 Stm32_F103C6_Drivers/include/Stm32_F103C6_EXTI_Driver.o
                0x0000000008000460                EXTI2_IRQHandler
 .text.EXTI3_IRQHandler
                0x0000000008000484       0x24 Stm32_F103C6_Drivers/include/Stm32_F103C6_EXTI_Driver.o
                0x0000000008000484                EXTI3_IRQHandler
 .text.EXTI4_IRQHandler
                0x00000000080004a8       0x24 Stm32_F103C6_Drivers/include/Stm32_F103C6_EXTI_Driver.o
                0x00000000080004a8                EXTI4_IRQHandler
 .text.EXTI9_5_IRQHandler
                0x00000000080004cc       0xa8 Stm32_F103C6_Drivers/include/Stm32_F103C6_EXTI_Driver.o
                0x00000000080004cc                EXTI9_5_IRQHandler
 .text.EXTI15_10_IRQHandler
                0x0000000008000574       0xc4 Stm32_F103C6_Drivers/include/Stm32_F103C6_EXTI_Driver.o
                0x0000000008000574                EXTI15_10_IRQHandler
 .text.MCAL_RCC_GetSYS_CLCKFreq
                0x0000000008000638       0x3c Stm32_F103C6_Drivers/include/Stm32_F103C6_RCC_Driver.o
                0x0000000008000638                MCAL_RCC_GetSYS_CLCKFreq
 .text.MCAL_RCC_GetHCLKFreq
                0x0000000008000674       0x28 Stm32_F103C6_Drivers/include/Stm32_F103C6_RCC_Driver.o
                0x0000000008000674                MCAL_RCC_GetHCLKFreq
 .text.MCAL_RCC_GetPCLK1Freq
                0x000000000800069c       0x28 Stm32_F103C6_Drivers/include/Stm32_F103C6_RCC_Driver.o
                0x000000000800069c                MCAL_RCC_GetPCLK1Freq
 .text.MCAL_RCC_GetPCLK2Freq
                0x00000000080006c4       0x28 Stm32_F103C6_Drivers/include/Stm32_F103C6_RCC_Driver.o
                0x00000000080006c4                MCAL_RCC_GetPCLK2Freq
 .text.MCAL_UART_Init
                0x00000000080006ec      0x184 Stm32_F103C6_Drivers/include/Stm32_F103C6_USART_Driver.o
                0x00000000080006ec                MCAL_UART_Init
 .text.MCAL_UART_SendData
                0x0000000008000870       0x36 Stm32_F103C6_Drivers/include/Stm32_F103C6_USART_Driver.o
                0x0000000008000870                MCAL_UART_SendData
 *fill*         0x00000000080008a6        0x2 
 .text.MCAL_UART_ReceiveData
                0x00000000080008a8       0x5c Stm32_F103C6_Drivers/include/Stm32_F103C6_USART_Driver.o
                0x00000000080008a8                MCAL_UART_ReceiveData
 .text.MCAL_UART_GPIO_Set_Pins
                0x0000000008000904       0xcc Stm32_F103C6_Drivers/include/Stm32_F103C6_USART_Driver.o
                0x0000000008000904                MCAL_UART_GPIO_Set_Pins
 .text.USART1_IRQHandler
                0x00000000080009d0       0x14 Stm32_F103C6_Drivers/include/Stm32_F103C6_USART_Driver.o
                0x00000000080009d0                USART1_IRQHandler
 .text.USART2_IRQHandler
                0x00000000080009e4       0x14 Stm32_F103C6_Drivers/include/Stm32_F103C6_USART_Driver.o
                0x00000000080009e4                USART2_IRQHandler
 .text.USART3_IRQHandler
                0x00000000080009f8       0x14 Stm32_F103C6_Drivers/include/Stm32_F103C6_USART_Driver.o
                0x00000000080009f8                USART3_IRQHandler
 .text.__libc_init_array
                0x0000000008000a0c       0x48 c:/st/stm32cubeide_1.4.0/stm32cubeide/plugins/com.st.stm32cube.ide.mcu.externaltools.gnu-tools-for-stm32.7-2018-q2-update.win32_1.4.0.202007081208/tools/bin/../lib/gcc/arm-none-eabi/7.3.1/../../../../arm-none-eabi/lib/thumb/v7-m\libc_nano.a(lib_a-init.o)
                0x0000000008000a0c                __libc_init_array
 *(.glue_7)
 .glue_7        0x0000000008000a54        0x0 linker stubs
 *(.glue_7t)
 .glue_7t       0x0000000008000a54        0x0 linker stubs
 *(.eh_frame)
 .eh_frame      0x0000000008000a54        0x0 c:/st/stm32cubeide_1.4.0/stm32cubeide/plugins/com.st.stm32cube.ide.mcu.externaltools.gnu-tools-for-stm32.7-2018-q2-update.win32_1.4.0.202007081208/tools/bin/../lib/gcc/arm-none-eabi/7.3.1/thumb/v7-m/crtbegin.o
 *(.init)
 .init          0x0000000008000a54        0x4 c:/st/stm32cubeide_1.4.0/stm32cubeide/plugins/com.st.stm32cube.ide.mcu.externaltools.gnu-tools-for-stm32.7-2018-q2-update.win32_1.4.0.202007081208/tools/bin/../lib/gcc/arm-none-eabi/7.3.1/thumb/v7-m/crti.o
                0x0000000008000a54                _init
 .init          0x0000000008000a58        0x8 c:/st/stm32cubeide_1.4.0/stm32cubeide/plugins/com.st.stm32cube.ide.mcu.externaltools.gnu-tools-for-stm32.7-2018-q2-update.win32_1.4.0.202007081208/tools/bin/../lib/gcc/arm-none-eabi/7.3.1/thumb/v7-m/crtn.o
 *(.fini)
 .fini          0x0000000008000a60        0x4 c:/st/stm32cubeide_1.4.0/stm32cubeide/plugins/com.st.stm32cube.ide.mcu.externaltools.gnu-tools-for-stm32.7-2018-q2-update.win32_1.4.0.202007081208/tools/bin/../lib/gcc/arm-none-eabi/7.3.1/thumb/v7-m/crti.o
                0x0000000008000a60                _fini
 .fini          0x0000000008000a64        0x8 c:/st/stm32cubeide_1.4.0/stm32cubeide/plugins/com.st.stm32cube.ide.mcu.externaltools.gnu-tools-for-stm32.7-2018-q2-update.win32_1.4.0.202007081208/tools/bin/../lib/gcc/arm-none-eabi/7.3.1/thumb/v7-m/crtn.o
                0x0000000008000a6c                . = ALIGN (0x4)
                0x0000000008000a6c                _etext = .

.vfp11_veneer   0x0000000008000a6c        0x0
 .vfp11_veneer  0x0000000008000a6c        0x0 linker stubs

.v4_bx          0x0000000008000a6c        0x0
 .v4_bx         0x0000000008000a6c        0x0 linker stubs

.iplt           0x0000000008000a6c        0x0
 .iplt          0x0000000008000a6c        0x0 c:/st/stm32cubeide_1.4.0/stm32cubeide/plugins/com.st.stm32cube.ide.mcu.externaltools.gnu-tools-for-stm32.7-2018-q2-update.win32_1.4.0.202007081208/tools/bin/../lib/gcc/arm-none-eabi/7.3.1/thumb/v7-m/crtbegin.o

.rodata         0x0000000008000a6c       0x18
                0x0000000008000a6c                . = ALIGN (0x4)
 *(.rodata)
 *(.rodata*)
 .rodata.APBPrescTable
                0x0000000008000a6c        0x8 Stm32_F103C6_Drivers/include/Stm32_F103C6_RCC_Driver.o
                0x0000000008000a6c                APBPrescTable
 .rodata.AHBPrescTable
                0x0000000008000a74       0x10 Stm32_F103C6_Drivers/include/Stm32_F103C6_RCC_Driver.o
                0x0000000008000a74                AHBPrescTable
                0x0000000008000a84                . = ALIGN (0x4)

.rel.dyn        0x0000000008000a84        0x0
 .rel.iplt      0x0000000008000a84        0x0 c:/st/stm32cubeide_1.4.0/stm32cubeide/plugins/com.st.stm32cube.ide.mcu.externaltools.gnu-tools-for-stm32.7-2018-q2-update.win32_1.4.0.202007081208/tools/bin/../lib/gcc/arm-none-eabi/7.3.1/thumb/v7-m/crtbegin.o

.ARM.extab      0x0000000008000a84        0x0
                0x0000000008000a84                . = ALIGN (0x4)
 *(.ARM.extab* .gnu.linkonce.armextab.*)
                0x0000000008000a84                . = ALIGN (0x4)

.ARM            0x0000000008000a84        0x0
                0x0000000008000a84                . = ALIGN (0x4)
                0x0000000008000a84                __exidx_start = .
 *(.ARM.exidx*)
                0x0000000008000a84                __exidx_end = .
                0x0000000008000a84                . = ALIGN (0x4)

.preinit_array  0x0000000008000a84        0x0
                0x0000000008000a84                . = ALIGN (0x4)
                0x0000000008000a84                PROVIDE (__preinit_array_start = .)
 *(.preinit_array*)
                0x0000000008000a84                PROVIDE (__preinit_array_end = .)
                0x0000000008000a84                . = ALIGN (0x4)

.init_array     0x0000000008000a84        0x4
                0x0000000008000a84                . = ALIGN (0x4)
                0x0000000008000a84                PROVIDE (__init_array_start = .)
 *(SORT_BY_NAME(.init_array.*))
 *(.init_array*)
 .init_array    0x0000000008000a84        0x4 c:/st/stm32cubeide_1.4.0/stm32cubeide/plugins/com.st.stm32cube.ide.mcu.externaltools.gnu-tools-for-stm32.7-2018-q2-update.win32_1.4.0.202007081208/tools/bin/../lib/gcc/arm-none-eabi/7.3.1/thumb/v7-m/crtbegin.o
                0x0000000008000a88                PROVIDE (__init_array_end = .)
                0x0000000008000a88                . = ALIGN (0x4)

.fini_array     0x0000000008000a88        0x4
                0x0000000008000a88                . = ALIGN (0x4)
                [!provide]                        PROVIDE (__fini_array_start = .)
 *(SORT_BY_NAME(.fini_array.*))
 *(.fini_array*)
 .fini_array    0x0000000008000a88        0x4 c:/st/stm32cubeide_1.4.0/stm32cubeide/plugins/com.st.stm32cube.ide.mcu.externaltools.gnu-tools-for-stm32.7-2018-q2-update.win32_1.4.0.202007081208/tools/bin/../lib/gcc/arm-none-eabi/7.3.1/thumb/v7-m/crtbegin.o
                [!provide]                        PROVIDE (__fini_array_end = .)
                0x0000000008000a8c                . = ALIGN (0x4)
                0x0000000008000a8c                _sidata = LOADADDR (.data)

.data           0x0000000020000000        0x0 load address 0x0000000008000a8c
                0x0000000020000000                . = ALIGN (0x4)
                0x0000000020000000                _sdata = .
 *(.data)
 *(.data*)
                0x0000000020000000                . = ALIGN (0x4)
                0x0000000020000000                _edata = .

.igot.plt       0x0000000020000000        0x0 load address 0x0000000008000a8c
 .igot.plt      0x0000000020000000        0x0 c:/st/stm32cubeide_1.4.0/stm32cubeide/plugins/com.st.stm32cube.ide.mcu.externaltools.gnu-tools-for-stm32.7-2018-q2-update.win32_1.4.0.202007081208/tools/bin/../lib/gcc/arm-none-eabi/7.3.1/thumb/v7-m/crtbegin.o
                0x0000000020000000                . = ALIGN (0x4)

.bss            0x0000000020000000       0x60 load address 0x0000000008000a8c
                0x0000000020000000                _sbss = .
                0x0000000020000000                __bss_start__ = _sbss
 *(.bss)
 .bss           0x0000000020000000       0x1c c:/st/stm32cubeide_1.4.0/stm32cubeide/plugins/com.st.stm32cube.ide.mcu.externaltools.gnu-tools-for-stm32.7-2018-q2-update.win32_1.4.0.202007081208/tools/bin/../lib/gcc/arm-none-eabi/7.3.1/thumb/v7-m/crtbegin.o
 *(.bss*)
 .bss.Global_UART_Config
                0x000000002000001c        0x4 Stm32_F103C6_Drivers/include/Stm32_F103C6_USART_Driver.o
                0x000000002000001c                Global_UART_Config
 *(COMMON)
 COMMON         0x0000000020000020        0x2 Src/main.o
                0x0000000020000020                ch
 *fill*         0x0000000020000022        0x2 
 COMMON         0x0000000020000024       0x3c Stm32_F103C6_Drivers/include/Stm32_F103C6_EXTI_Driver.o
                0x0000000020000024                GP_IRQ_CallBack
                0x0000000020000060                . = ALIGN (0x4)
                0x0000000020000060                _ebss = .
                0x0000000020000060                __bss_end__ = _ebss

._user_heap_stack
                0x0000000020000060      0x600 load address 0x0000000008000a8c
                0x0000000020000060                . = ALIGN (0x8)
                [!provide]                        PROVIDE (end = .)
                0x0000000020000060                PROVIDE (_end = .)
                0x0000000020000260                . = (. + _Min_Heap_Size)
 *fill*         0x0000000020000060      0x200 
                0x0000000020000660                . = (. + _Min_Stack_Size)
 *fill*         0x0000000020000260      0x400 
                0x0000000020000660                . = ALIGN (0x8)

/DISCARD/
 libc.a(*)
 libm.a(*)
 libgcc.a(*)

.ARM.attributes
                0x0000000000000000       0x29
 *(.ARM.attributes)
 .ARM.attributes
                0x0000000000000000       0x1d c:/st/stm32cubeide_1.4.0/stm32cubeide/plugins/com.st.stm32cube.ide.mcu.externaltools.gnu-tools-for-stm32.7-2018-q2-update.win32_1.4.0.202007081208/tools/bin/../lib/gcc/arm-none-eabi/7.3.1/thumb/v7-m/crti.o
 .ARM.attributes
                0x000000000000001d       0x2d c:/st/stm32cubeide_1.4.0/stm32cubeide/plugins/com.st.stm32cube.ide.mcu.externaltools.gnu-tools-for-stm32.7-2018-q2-update.win32_1.4.0.202007081208/tools/bin/../lib/gcc/arm-none-eabi/7.3.1/thumb/v7-m/crtbegin.o
 .ARM.attributes
                0x000000000000004a       0x33 Src/main.o
 .ARM.attributes
                0x000000000000007d       0x21 Startup/startup_stm32f103c6tx.o
 .ARM.attributes
                0x000000000000009e       0x33 Stm32_F103C6_Drivers/Stm32_F103C6_GPIO_Driver.o
 .ARM.attributes
                0x00000000000000d1       0x33 Stm32_F103C6_Drivers/include/Stm32_F103C6_EXTI_Driver.o
 .ARM.attributes
                0x0000000000000104       0x33 Stm32_F103C6_Drivers/include/Stm32_F103C6_RCC_Driver.o
 .ARM.attributes
                0x0000000000000137       0x33 Stm32_F103C6_Drivers/include/Stm32_F103C6_USART_Driver.o
 .ARM.attributes
                0x000000000000016a       0x2d c:/st/stm32cubeide_1.4.0/stm32cubeide/plugins/com.st.stm32cube.ide.mcu.externaltools.gnu-tools-for-stm32.7-2018-q2-update.win32_1.4.0.202007081208/tools/bin/../lib/gcc/arm-none-eabi/7.3.1/../../../../arm-none-eabi/lib/thumb/v7-m\libc_nano.a(lib_a-init.o)
 .ARM.attributes
                0x0000000000000197       0x1d c:/st/stm32cubeide_1.4.0/stm32cubeide/plugins/com.st.stm32cube.ide.mcu.externaltools.gnu-tools-for-stm32.7-2018-q2-update.win32_1.4.0.202007081208/tools/bin/../lib/gcc/arm-none-eabi/7.3.1/thumb/v7-m/crtn.o
OUTPUT(Drivers.elf elf32-littlearm)

.debug_info     0x0000000000000000     0x4071
 .debug_info    0x0000000000000000      0xbea Src/main.o
 .debug_info    0x0000000000000bea       0x22 Startup/startup_stm32f103c6tx.o
 .debug_info    0x0000000000000c0c      0xd66 Stm32_F103C6_Drivers/Stm32_F103C6_GPIO_Driver.o
 .debug_info    0x0000000000001972      0xdb7 Stm32_F103C6_Drivers/include/Stm32_F103C6_EXTI_Driver.o
 .debug_info    0x0000000000002729      0xb25 Stm32_F103C6_Drivers/include/Stm32_F103C6_RCC_Driver.o
 .debug_info    0x000000000000324e      0xe23 Stm32_F103C6_Drivers/include/Stm32_F103C6_USART_Driver.o

.debug_abbrev   0x0000000000000000      0xa2f
 .debug_abbrev  0x0000000000000000      0x1c6 Src/main.o
 .debug_abbrev  0x00000000000001c6       0x12 Startup/startup_stm32f103c6tx.o
 .debug_abbrev  0x00000000000001d8      0x230 Stm32_F103C6_Drivers/Stm32_F103C6_GPIO_Driver.o
 .debug_abbrev  0x0000000000000408      0x24d Stm32_F103C6_Drivers/include/Stm32_F103C6_EXTI_Driver.o
 .debug_abbrev  0x0000000000000655      0x19b Stm32_F103C6_Drivers/include/Stm32_F103C6_RCC_Driver.o
 .debug_abbrev  0x00000000000007f0      0x23f Stm32_F103C6_Drivers/include/Stm32_F103C6_USART_Driver.o

.debug_loc      0x0000000000000000      0xa10
 .debug_loc     0x0000000000000000       0x64 Src/main.o
 .debug_loc     0x0000000000000064      0x330 Stm32_F103C6_Drivers/Stm32_F103C6_GPIO_Driver.o
 .debug_loc     0x0000000000000394      0x320 Stm32_F103C6_Drivers/include/Stm32_F103C6_EXTI_Driver.o
 .debug_loc     0x00000000000006b4       0xc8 Stm32_F103C6_Drivers/include/Stm32_F103C6_RCC_Driver.o
 .debug_loc     0x000000000000077c      0x294 Stm32_F103C6_Drivers/include/Stm32_F103C6_USART_Driver.o

.debug_aranges  0x0000000000000000      0x1c8
 .debug_aranges
                0x0000000000000000       0x28 Src/main.o
 .debug_aranges
                0x0000000000000028       0x28 Startup/startup_stm32f103c6tx.o
 .debug_aranges
                0x0000000000000050       0x60 Stm32_F103C6_Drivers/Stm32_F103C6_GPIO_Driver.o
 .debug_aranges
                0x00000000000000b0       0x80 Stm32_F103C6_Drivers/include/Stm32_F103C6_EXTI_Driver.o
 .debug_aranges
                0x0000000000000130       0x38 Stm32_F103C6_Drivers/include/Stm32_F103C6_RCC_Driver.o
 .debug_aranges
                0x0000000000000168       0x60 Stm32_F103C6_Drivers/include/Stm32_F103C6_USART_Driver.o

.debug_ranges   0x0000000000000000      0x170
 .debug_ranges  0x0000000000000000       0x18 Src/main.o
 .debug_ranges  0x0000000000000018       0x20 Startup/startup_stm32f103c6tx.o
 .debug_ranges  0x0000000000000038       0x50 Stm32_F103C6_Drivers/Stm32_F103C6_GPIO_Driver.o
 .debug_ranges  0x0000000000000088       0x70 Stm32_F103C6_Drivers/include/Stm32_F103C6_EXTI_Driver.o
 .debug_ranges  0x00000000000000f8       0x28 Stm32_F103C6_Drivers/include/Stm32_F103C6_RCC_Driver.o
 .debug_ranges  0x0000000000000120       0x50 Stm32_F103C6_Drivers/include/Stm32_F103C6_USART_Driver.o

.debug_macro    0x0000000000000000     0x12c1
 .debug_macro   0x0000000000000000      0x229 Src/main.o
 .debug_macro   0x0000000000000229       0xca Src/main.o
 .debug_macro   0x00000000000002f3       0x10 Src/main.o
 .debug_macro   0x0000000000000303       0xe8 Src/main.o
 .debug_macro   0x00000000000003eb      0x22e Src/main.o
 .debug_macro   0x0000000000000619      0x1e8 Stm32_F103C6_Drivers/Stm32_F103C6_GPIO_Driver.o
 .debug_macro   0x0000000000000801      0x205 Stm32_F103C6_Drivers/include/Stm32_F103C6_EXTI_Driver.o
 .debug_macro   0x0000000000000a06      0x22e Stm32_F103C6_Drivers/include/Stm32_F103C6_EXTI_Driver.o
 .debug_macro   0x0000000000000c34      0x1f7 Stm32_F103C6_Drivers/include/Stm32_F103C6_RCC_Driver.o
 .debug_macro   0x0000000000000e2b       0xca Stm32_F103C6_Drivers/include/Stm32_F103C6_RCC_Driver.o
 .debug_macro   0x0000000000000ef5       0x10 Stm32_F103C6_Drivers/include/Stm32_F103C6_RCC_Driver.o
 .debug_macro   0x0000000000000f05      0x204 Stm32_F103C6_Drivers/include/Stm32_F103C6_USART_Driver.o
 .debug_macro   0x0000000000001109       0xd0 Stm32_F103C6_Drivers/include/Stm32_F103C6_USART_Driver.o
 .debug_macro   0x00000000000011d9       0xe8 Stm32_F103C6_Drivers/include/Stm32_F103C6_USART_Driver.o

.debug_line     0x0000000000000000     0x2348
 .debug_line    0x0000000000000000      0x699 Src/main.o
 .debug_line    0x0000000000000699       0x84 Startup/startup_stm32f103c6tx.o
 .debug_line    0x000000000000071d      0x73e Stm32_F103C6_Drivers/Stm32_F103C6_GPIO_Driver.o
 .debug_line    0x0000000000000e5b      0x7b9 Stm32_F103C6_Drivers/include/Stm32_F103C6_EXTI_Driver.o
 .debug_line    0x0000000000001614      0x60f Stm32_F103C6_Drivers/include/Stm32_F103C6_RCC_Driver.o
 .debug_line    0x0000000000001c23      0x725 Stm32_F103C6_Drivers/include/Stm32_F103C6_USART_Driver.o

.debug_str      0x0000000000000000     0xa53a
 .debug_str     0x0000000000000000     0x9f4e Src/main.o
                                       0xa142 (size before relaxing)
 .debug_str     0x0000000000009f4e       0x31 Startup/startup_stm32f103c6tx.o
                                         0x6e (size before relaxing)
 .debug_str     0x0000000000009f7f      0x16a Stm32_F103C6_Drivers/Stm32_F103C6_GPIO_Driver.o
                                       0x88e8 (size before relaxing)
 .debug_str     0x000000000000a0e9      0x272 Stm32_F103C6_Drivers/include/Stm32_F103C6_EXTI_Driver.o
                                       0x9c84 (size before relaxing)
 .debug_str     0x000000000000a35b       0xb0 Stm32_F103C6_Drivers/include/Stm32_F103C6_RCC_Driver.o
                                       0x886e (size before relaxing)
 .debug_str     0x000000000000a40b      0x12f Stm32_F103C6_Drivers/include/Stm32_F103C6_USART_Driver.o
                                       0x902a (size before relaxing)

.comment        0x0000000000000000       0x7b
 .comment       0x0000000000000000       0x7b Src/main.o
                                         0x7c (size before relaxing)
 .comment       0x000000000000007b       0x7c Stm32_F103C6_Drivers/Stm32_F103C6_GPIO_Driver.o
 .comment       0x000000000000007b       0x7c Stm32_F103C6_Drivers/include/Stm32_F103C6_EXTI_Driver.o
 .comment       0x000000000000007b       0x7c Stm32_F103C6_Drivers/include/Stm32_F103C6_RCC_Driver.o
 .comment       0x000000000000007b       0x7c Stm32_F103C6_Drivers/include/Stm32_F103C6_USART_Driver.o

.debug_frame    0x0000000000000000      0x570
 .debug_frame   0x0000000000000000       0x4c Src/main.o
 .debug_frame   0x000000000000004c      0x178 Stm32_F103C6_Drivers/Stm32_F103C6_GPIO_Driver.o
 .debug_frame   0x00000000000001c4      0x1b0 Stm32_F103C6_Drivers/include/Stm32_F103C6_EXTI_Driver.o
 .debug_frame   0x0000000000000374       0x84 Stm32_F103C6_Drivers/include/Stm32_F103C6_RCC_Driver.o
 .debug_frame   0x00000000000003f8      0x14c Stm32_F103C6_Drivers/include/Stm32_F103C6_USART_Driver.o
 .debug_frame   0x0000000000000544       0x2c c:/st/stm32cubeide_1.4.0/stm32cubeide/plugins/com.st.stm32cube.ide.mcu.externaltools.gnu-tools-for-stm32.7-2018-q2-update.win32_1.4.0.202007081208/tools/bin/../lib/gcc/arm-none-eabi/7.3.1/../../../../arm-none-eabi/lib/thumb/v7-m\libc_nano.a(lib_a-init.o)
